........................................................................ [  7%]
........................................................................ [ 14%]
........................................................................ [ 22%]
........................................................................ [ 29%]
........................................................................ [ 37%]
..................s.......s....s........................................ [ 44%]
........................................................................ [ 52%]
........................................................................ [ 59%]
........................................................................ [ 66%]
........................................................................ [ 74%]
........................................................................ [ 81%]
........................................................................ [ 89%]
........................................................................ [ 96%]
.................................                                        [100%]
============================= slowest 5 durations ==============================
30.05s call     tests/test_harmonizer_project.py::test_long_form_harmonization_uses_a_prolonged_predominant
26.95s call     tests/test_harmonizer_project.py::test_eight_bar_form_derives_a_plan_from_the_soprano_in_two_steps
21.57s call     tests/test_harmonizer_project.py::test_lower_direction_new_role_candidates_are_derived[melody1-metric_levels1-escape_tone-derive_lower_escape_tone]
20.63s call     tests/test_harmonizer_project.py::test_appoggiatura_is_relative_to_metric_level_and_selected_harmony
17.13s call     tests/test_harmonizer_project.py::test_lower_direction_new_role_candidates_are_derived[melody0-metric_levels0-appoggiatura-derive_lower_appoggiatura]
966 passed, 3 skipped in 219.15s (0:03:39)
