........................................................................ [  6%]
........................................................................ [ 13%]
........................................................................ [ 19%]
........................................................................ [ 26%]
........................................................................ [ 32%]
..............................................................s.......s. [ 39%]
...s.................................................................... [ 46%]
........................................................................ [ 52%]
........................................................................ [ 59%]
........................................................................ [ 65%]
........................................................................ [ 72%]
........................................................................ [ 79%]
........................................................................ [ 85%]
........................................................................ [ 92%]
........................................................................ [ 98%]
............                                                             [100%]
============================= slowest 8 durations ==============================
29.93s call     tests/test_harmonizer_project.py::test_long_form_harmonization_uses_a_prolonged_predominant
26.70s call     tests/test_harmonizer_project.py::test_eight_bar_form_derives_a_plan_from_the_soprano_in_two_steps
21.71s call     tests/test_harmonizer_project.py::test_lower_direction_new_role_candidates_are_derived[melody1-metric_levels1-escape_tone-derive_lower_escape_tone]
21.06s call     tests/test_harmonizer_project.py::test_appoggiatura_is_relative_to_metric_level_and_selected_harmony
17.24s call     tests/test_harmonizer_project.py::test_lower_direction_new_role_candidates_are_derived[melody0-metric_levels0-appoggiatura-derive_lower_appoggiatura]
14.46s call     tests/test_harmonizer_project.py::test_long_weak_step_is_harmonized_instead_of_called_passing
11.42s call     tests/test_harmonizer_project.py::test_each_diatonic_note_receives_an_independent_harmonic_decision
10.82s call     tests/test_harmonizer_project.py::test_neighbor_tone_candidates_are_generated_declaratively[melody0-upper_neighbor]
1089 passed, 3 skipped in 224.19s (0:03:44)
