........................................................................ [  7%]
........................................................................ [ 14%]
........................................................................ [ 21%]
........................................................................ [ 28%]
........................................................................ [ 35%]
................................................s.......s....s.......... [ 42%]
........................................................................ [ 49%]
........................................................................ [ 56%]
........................................................................ [ 64%]
........................................................................ [ 71%]
........................................................................ [ 78%]
........................................................................ [ 85%]
........................................................................ [ 92%]
........................................................................ [ 99%]
...                                                                      [100%]
============================= slowest 8 durations ==============================
25.46s call     tests/test_harmonizer_project.py::test_long_form_harmonization_uses_a_prolonged_predominant
21.49s call     tests/test_harmonizer_project.py::test_eight_bar_form_derives_a_plan_from_the_soprano_in_two_steps
17.84s call     tests/test_harmonizer_project.py::test_appoggiatura_is_relative_to_metric_level_and_selected_harmony
16.51s call     tests/test_harmonizer_project.py::test_lower_direction_new_role_candidates_are_derived[melody1-metric_levels1-escape_tone-derive_lower_escape_tone]
13.52s call     tests/test_harmonizer_project.py::test_lower_direction_new_role_candidates_are_derived[melody0-metric_levels0-appoggiatura-derive_lower_appoggiatura]
11.49s call     tests/test_harmonizer_project.py::test_long_weak_step_is_harmonized_instead_of_called_passing
8.84s call     tests/test_harmonizer_project.py::test_each_diatonic_note_receives_an_independent_harmonic_decision
8.68s call     tests/test_harmonizer_project.py::test_neighbor_tone_candidates_are_generated_declaratively[melody0-upper_neighbor]
1008 passed, 3 skipped in 185.93s (0:03:05)
