Processing /private/tmp/snarky-csp-equality-dist/snarky-0.1.0-py3-none-any.whl
Installing collected packages: snarky
Successfully installed snarky-0.1.0
isolated wheel import and inference: ok
isolated native CSP optimization without companion: ok
isolated mixed factor and Markov examples: ok
isolated exact rational-product optimization: ok
isolated permutation bound and validated warm start: ok
isolated variable-order Markov, contour and prefix controls: ok
isolated rational partition and exact sampling: ok
isolated packaged MODEL examples: ok
checked 2 file(s)
checked 1 file(s)
Processing /private/tmp/snarky-csp-equality-dist/csp/snarky_csp-0.1.0-py3-none-any.whl
Installing collected packages: snarky-csp
Successfully installed snarky-csp-0.1.0
checked 2 file(s)
checked 1 file(s)
isolated companion rules and solving: ok
isolated companion-to-native adapter: ok
isolated console validation (companion=False): ok
isolated console validation (companion=True): ok
