........................................................................ [  6%]
........................................................................ [ 12%]
........................................................................ [ 19%]
........................................................................ [ 25%]
........................................................................ [ 32%]
................................................................s....... [ 38%]
s....s.................................................................. [ 45%]
........................................................................ [ 51%]
........................................................................ [ 58%]
........................................................................ [ 64%]
........................................................................ [ 71%]
........................................................................ [ 77%]
........................................................................ [ 84%]
........................................................................ [ 90%]
........................................................................ [ 97%]
.............................                                            [100%]
============================= slowest 8 durations ==============================
29.36s call     tests/test_harmonizer_project.py::test_long_form_harmonization_uses_a_prolonged_predominant
24.58s call     tests/test_harmonizer_project.py::test_eight_bar_form_derives_a_plan_from_the_soprano_in_two_steps
18.65s call     tests/test_harmonizer_project.py::test_appoggiatura_is_relative_to_metric_level_and_selected_harmony
17.75s call     tests/test_harmonizer_project.py::test_lower_direction_new_role_candidates_are_derived[melody1-metric_levels1-escape_tone-derive_lower_escape_tone]
14.36s call     tests/test_harmonizer_project.py::test_lower_direction_new_role_candidates_are_derived[melody0-metric_levels0-appoggiatura-derive_lower_appoggiatura]
13.78s call     tests/test_harmonizer_project.py::test_long_weak_step_is_harmonized_instead_of_called_passing
10.34s call     tests/test_harmonizer_project.py::test_each_diatonic_note_receives_an_independent_harmonic_decision
9.32s call     tests/test_harmonizer_project.py::test_neighbor_tone_candidates_are_generated_declaratively[melody0-upper_neighbor]
1106 passed, 3 skipped in 206.70s (0:03:26)
