........................................................................ [  6%]
........................................................................ [ 13%]
........................................................................ [ 20%]
........................................................................ [ 26%]
........................................................................ [ 33%]
................................................s.......s....s.......... [ 40%]
........................................................................ [ 46%]
........................................................................ [ 53%]
........................................................................ [ 60%]
........................................................................ [ 66%]
........................................................................ [ 73%]
........................................................................ [ 80%]
........................................................................ [ 86%]
........................................................................ [ 93%]
......................................................................   [100%]
============================= slowest 8 durations ==============================
31.31s call     tests/test_harmonizer_project.py::test_long_form_harmonization_uses_a_prolonged_predominant
27.52s call     tests/test_harmonizer_project.py::test_eight_bar_form_derives_a_plan_from_the_soprano_in_two_steps
23.39s call     tests/test_harmonizer_project.py::test_lower_direction_new_role_candidates_are_derived[melody1-metric_levels1-escape_tone-derive_lower_escape_tone]
19.63s call     tests/test_harmonizer_project.py::test_appoggiatura_is_relative_to_metric_level_and_selected_harmony
17.63s call     tests/test_harmonizer_project.py::test_lower_direction_new_role_candidates_are_derived[melody0-metric_levels0-appoggiatura-derive_lower_appoggiatura]
14.50s call     tests/test_harmonizer_project.py::test_long_weak_step_is_harmonized_instead_of_called_passing
12.41s call     tests/test_harmonizer_project.py::test_neighbor_tone_candidates_are_generated_declaratively[melody0-upper_neighbor]
10.33s call     tests/test_harmonizer_project.py::test_neighbor_tone_candidates_are_generated_declaratively[melody1-lower_neighbor]
1075 passed, 3 skipped in 227.97s (0:03:47)
