........................................................................ [  6%]
........................................................................ [ 12%]
........................................................................ [ 19%]
........................................................................ [ 25%]
........................................................................ [ 32%]
.......................................................................s [ 38%]
.......s....s........................................................... [ 45%]
........................................................................ [ 51%]
........................................................................ [ 58%]
........................................................................ [ 64%]
........................................................................ [ 70%]
........................................................................ [ 77%]
........................................................................ [ 83%]
........................................................................ [ 90%]
........................................................................ [ 96%]
....................................                                     [100%]
============================= slowest 8 durations ==============================
30.51s call     tests/test_harmonizer_project.py::test_long_form_harmonization_uses_a_prolonged_predominant
26.46s call     tests/test_harmonizer_project.py::test_eight_bar_form_derives_a_plan_from_the_soprano_in_two_steps
23.63s call     tests/test_harmonizer_project.py::test_lower_direction_new_role_candidates_are_derived[melody1-metric_levels1-escape_tone-derive_lower_escape_tone]
21.17s call     tests/test_harmonizer_project.py::test_appoggiatura_is_relative_to_metric_level_and_selected_harmony
18.58s call     tests/test_harmonizer_project.py::test_lower_direction_new_role_candidates_are_derived[melody0-metric_levels0-appoggiatura-derive_lower_appoggiatura]
14.07s call     tests/test_harmonizer_project.py::test_long_weak_step_is_harmonized_instead_of_called_passing
11.26s call     tests/test_harmonizer_project.py::test_neighbor_tone_candidates_are_generated_declaratively[melody0-upper_neighbor]
10.82s call     tests/test_harmonizer_project.py::test_neighbor_tone_candidates_are_generated_declaratively[melody1-lower_neighbor]
1113 passed, 3 skipped in 228.95s (0:03:48)
