checked 305 file(s)
* Getting build dependencies for sdist...
* Building sdist...
* Building wheel from sdist
* Getting build dependencies for wheel...
* Building wheel...
Successfully built snarky-0.1.0.tar.gz and snarky-0.1.0-py3-none-any.whl
* Getting build dependencies for sdist...
* Building sdist...
* Building wheel from sdist
* Getting build dependencies for wheel...
* Building wheel...
Successfully built snarky_csp-0.1.0.tar.gz and snarky_csp-0.1.0-py3-none-any.whl
distribution contents: ok
WARNING: The directory '/Users/francoispachet/Library/Caches/pip' or its parent directory is not owned or is not writable by the current user. The cache has been disabled. Check the permissions and owner of that directory. If executing pip with sudo, you should use sudo's -H flag.
Processing /private/tmp/snarky-admask-dist/snarky-0.1.0-py3-none-any.whl
Installing collected packages: snarky
Successfully installed snarky-0.1.0
isolated wheel import and inference: ok
isolated native CSP optimization without companion: ok
isolated native NValue optimization: ok
isolated mixed factor and Markov examples: ok
isolated exact rational-product optimization: ok
isolated permutation bound and validated warm start: ok
isolated variable-order Markov, contour and prefix controls: ok
isolated rational partition and exact sampling: ok
isolated packaged MODEL examples: ok
checked 2 file(s)
checked 1 file(s)
WARNING: The directory '/Users/francoispachet/Library/Caches/pip' or its parent directory is not owned or is not writable by the current user. The cache has been disabled. Check the permissions and owner of that directory. If executing pip with sudo, you should use sudo's -H flag.
Processing /private/tmp/snarky-admask-dist/csp/snarky_csp-0.1.0-py3-none-any.whl
Installing collected packages: snarky-csp
Successfully installed snarky-csp-0.1.0
checked 2 file(s)
checked 1 file(s)
isolated companion rules and solving: ok
isolated companion-to-native adapter: ok
isolated console validation (companion=False): ok
isolated console validation (companion=True): ok
