........................................................................ [  7%]
........................................................................ [ 14%]
........................................................................ [ 21%]
........................................................................ [ 28%]
........................................................................ [ 36%]
................................s.......s....s.......................... [ 43%]
........................................................................ [ 50%]
........................................................................ [ 57%]
........................................................................ [ 65%]
........................................................................ [ 72%]
........................................................................ [ 79%]
........................................................................ [ 86%]
........................................................................ [ 94%]
..........................................................               [100%]
============================= slowest 8 durations ==============================
25.28s call     tests/test_harmonizer_project.py::test_long_form_harmonization_uses_a_prolonged_predominant
21.35s call     tests/test_harmonizer_project.py::test_eight_bar_form_derives_a_plan_from_the_soprano_in_two_steps
17.18s call     tests/test_harmonizer_project.py::test_appoggiatura_is_relative_to_metric_level_and_selected_harmony
16.63s call     tests/test_harmonizer_project.py::test_lower_direction_new_role_candidates_are_derived[melody1-metric_levels1-escape_tone-derive_lower_escape_tone]
13.75s call     tests/test_harmonizer_project.py::test_lower_direction_new_role_candidates_are_derived[melody0-metric_levels0-appoggiatura-derive_lower_appoggiatura]
11.49s call     tests/test_harmonizer_project.py::test_long_weak_step_is_harmonized_instead_of_called_passing
9.29s call     tests/test_harmonizer_project.py::test_neighbor_tone_candidates_are_generated_declaratively[melody0-upper_neighbor]
8.87s call     tests/test_harmonizer_project.py::test_each_diatonic_note_receives_an_independent_harmonic_decision
991 passed, 3 skipped in 187.45s (0:03:07)
